// Jest Snapshot v1, https://goo.gl/fbAQLP

exports[`App render components renders without crashing 1`] = `ReactWrapper {}`;

exports[`App renders without crashing 1`] = `ReactWrapper {}`;
